Archive member included because of file (symbol)

/usr/lib/gcc/avr/4.6.0/avr5/libgcc.a(_exit.o)
                              /usr/lib/gcc/avr/4.6.0/../../../../avr/lib/avr5/crtm168p.o (exit)
/usr/lib/gcc/avr/4.6.0/avr5/libgcc.a(_copy_data.o)
                              main.o (__do_copy_data)
/usr/lib/gcc/avr/4.6.0/avr5/libgcc.a(_clear_bss.o)
                              main.o (__do_clear_bss)
/usr/lib/gcc/avr/4.6.0/../../../../avr/lib/avr5/libc.a(eerd_byte_atmega168p.o)
                              eeprom.o (__eerd_byte_m168p)
/usr/lib/gcc/avr/4.6.0/../../../../avr/lib/avr5/libc.a(eerd_word_atmega168p.o)
                              eeprom.o (__eerd_word_m168p)
/usr/lib/gcc/avr/4.6.0/../../../../avr/lib/avr5/libc.a(eewr_byte_atmega168p.o)
                              main.o (__eewr_byte_m168p)
/usr/lib/gcc/avr/4.6.0/../../../../avr/lib/avr5/libc.a(eewr_word_atmega168p.o)
                              main.o (__eewr_word_m168p)
/usr/lib/gcc/avr/4.6.0/../../../../avr/lib/avr5/libc.a(eerd_block_atmega168p.o)
                              /usr/lib/gcc/avr/4.6.0/../../../../avr/lib/avr5/libc.a(eerd_word_atmega168p.o) (__eerd_blraw_m168p)

Allocating common symbols
Common symbol       size              file

uart_rxbuf          0x80              main.o
instaddr            0x1               main.o

Memory Configuration

Name             Origin             Length             Attributes
text             0x0000000000000000 0x0000000000020000 xr
data             0x0000000000800060 0x000000000000ffa0 rw !x
eeprom           0x0000000000810000 0x0000000000010000 rw !x
*default*        0x0000000000000000 0xffffffffffffffff

Linker script and memory map

Address of section .data set to 0x800100
LOAD /usr/lib/gcc/avr/4.6.0/../../../../avr/lib/avr5/crtm168p.o
LOAD /usr/lib/gcc/avr/4.6.0/../../../../avr/lib/avr5/libm.a
Address of section .text set to 0x3800
LOAD main.o
LOAD dbgled.o
LOAD eeprom.o
LOAD uart.o
LOAD /usr/lib/gcc/avr/4.6.0/avr5/libgcc.a
LOAD /usr/lib/gcc/avr/4.6.0/../../../../avr/lib/avr5/libc.a
LOAD /usr/lib/gcc/avr/4.6.0/avr5/libgcc.a

.hash
 *(.hash)

.dynsym
 *(.dynsym)

.dynstr
 *(.dynstr)

.gnu.version
 *(.gnu.version)

.gnu.version_d
 *(.gnu.version_d)

.gnu.version_r
 *(.gnu.version_r)

.rel.init
 *(.rel.init)

.rela.init
 *(.rela.init)

.rel.text
 *(.rel.text)
 *(.rel.text.*)
 *(.rel.gnu.linkonce.t*)

.rela.text
 *(.rela.text)
 *(.rela.text.*)
 *(.rela.gnu.linkonce.t*)

.rel.fini
 *(.rel.fini)

.rela.fini
 *(.rela.fini)

.rel.rodata
 *(.rel.rodata)
 *(.rel.rodata.*)
 *(.rel.gnu.linkonce.r*)

.rela.rodata
 *(.rela.rodata)
 *(.rela.rodata.*)
 *(.rela.gnu.linkonce.r*)

.rel.data
 *(.rel.data)
 *(.rel.data.*)
 *(.rel.gnu.linkonce.d*)

.rela.data
 *(.rela.data)
 *(.rela.data.*)
 *(.rela.gnu.linkonce.d*)

.rel.ctors
 *(.rel.ctors)

.rela.ctors
 *(.rela.ctors)

.rel.dtors
 *(.rel.dtors)

.rela.dtors
 *(.rela.dtors)

.rel.got
 *(.rel.got)

.rela.got
 *(.rela.got)

.rel.bss
 *(.rel.bss)

.rela.bss
 *(.rela.bss)

.rel.plt
 *(.rel.plt)

.rela.plt
 *(.rela.plt)

.text           0x0000000000003800      0x746
 *(.vectors)
 .vectors       0x0000000000003800       0x68 /usr/lib/gcc/avr/4.6.0/../../../../avr/lib/avr5/crtm168p.o
                0x0000000000003800                __vectors
                0x0000000000003800                __vector_default
 *(.vectors)
 *(.progmem.gcc*)
 *(.progmem*)
                0x0000000000003868                . = ALIGN (0x2)
                0x0000000000003868                __trampolines_start = .
 *(.trampolines)
 .trampolines   0x0000000000003868        0x0 linker stubs
 *(.trampolines*)
                0x0000000000003868                __trampolines_end = .
 *(.jumptables)
 *(.jumptables*)
 *(.lowtext)
 *(.lowtext*)
                0x0000000000003868                __ctors_start = .
 *(.ctors)
                0x0000000000003868                __ctors_end = .
                0x0000000000003868                __dtors_start = .
 *(.dtors)
                0x0000000000003868                __dtors_end = .
 SORT(*)(.ctors)
 SORT(*)(.dtors)
 *(.init0)
 .init0         0x0000000000003868        0x0 /usr/lib/gcc/avr/4.6.0/../../../../avr/lib/avr5/crtm168p.o
                0x0000000000003868                __init
 *(.init0)
 *(.init1)
 *(.init1)
 *(.init2)
 .init2         0x0000000000003868        0xc /usr/lib/gcc/avr/4.6.0/../../../../avr/lib/avr5/crtm168p.o
 *(.init2)
 *(.init3)
 *(.init3)
 *(.init4)
 .init4         0x0000000000003874       0x16 /usr/lib/gcc/avr/4.6.0/avr5/libgcc.a(_copy_data.o)
                0x0000000000003874                __do_copy_data
 .init4         0x000000000000388a       0x10 /usr/lib/gcc/avr/4.6.0/avr5/libgcc.a(_clear_bss.o)
                0x000000000000388a                __do_clear_bss
 *(.init4)
 *(.init5)
 *(.init5)
 *(.init6)
 *(.init6)
 *(.init7)
 *(.init7)
 *(.init8)
 *(.init8)
 *(.init9)
 .init9         0x000000000000389a        0x8 /usr/lib/gcc/avr/4.6.0/../../../../avr/lib/avr5/crtm168p.o
 *(.init9)
 *(.text)
 .text          0x00000000000038a2        0x4 /usr/lib/gcc/avr/4.6.0/../../../../avr/lib/avr5/crtm168p.o
                0x00000000000038a2                __vector_22
                0x00000000000038a2                __vector_1
                0x00000000000038a2                __vector_24
                0x00000000000038a2                __vector_12
                0x00000000000038a2                __bad_interrupt
                0x00000000000038a2                __vector_6
                0x00000000000038a2                __vector_3
                0x00000000000038a2                __vector_23
                0x00000000000038a2                __vector_25
                0x00000000000038a2                __vector_11
                0x00000000000038a2                __vector_13
                0x00000000000038a2                __vector_17
                0x00000000000038a2                __vector_19
                0x00000000000038a2                __vector_7
                0x00000000000038a2                __vector_5
                0x00000000000038a2                __vector_4
                0x00000000000038a2                __vector_9
                0x00000000000038a2                __vector_2
                0x00000000000038a2                __vector_21
                0x00000000000038a2                __vector_15
                0x00000000000038a2                __vector_8
                0x00000000000038a2                __vector_14
                0x00000000000038a2                __vector_10
                0x00000000000038a2                __vector_16
                0x00000000000038a2                __vector_20
 .text          0x00000000000038a6      0x3b0 main.o
                0x00000000000038a6                addr_set
                0x00000000000038b6                baud_set
                0x00000000000038e2                write_page
                0x0000000000003976                applies_to_me
                0x00000000000039c4                process_rx
                0x0000000000003be6                receive_data
                0x0000000000003bf4                give_up
 .text          0x0000000000003c56       0x98 dbgled.o
                0x0000000000003c56                show_addr
                0x0000000000003ca6                dbg_set
                0x0000000000003cb8                dbg_on
                0x0000000000003cce                dbg_off
                0x0000000000003ce6                dbg_init
 .text          0x0000000000003cee       0x40 eeprom.o
                0x0000000000003cee                get_addr
                0x0000000000003cfc                get_baud
                0x0000000000003d18                get_baud_dbl
 .text          0x0000000000003d2e      0x12c uart.o
                0x0000000000003d2e                uart_init
                0x0000000000003d76                uart_rx
                0x0000000000003dac                uart_data_rdy
                0x0000000000003db2                __vector_18
 .text          0x0000000000003e5a        0x0 /usr/lib/gcc/avr/4.6.0/avr5/libgcc.a(_exit.o)
 .text          0x0000000000003e5a        0x0 /usr/lib/gcc/avr/4.6.0/avr5/libgcc.a(_copy_data.o)
 .text          0x0000000000003e5a        0x0 /usr/lib/gcc/avr/4.6.0/avr5/libgcc.a(_clear_bss.o)
 .text          0x0000000000003e5a        0x0 /usr/lib/gcc/avr/4.6.0/../../../../avr/lib/avr5/libc.a(eerd_byte_atmega168p.o)
 .text          0x0000000000003e5a        0x0 /usr/lib/gcc/avr/4.6.0/../../../../avr/lib/avr5/libc.a(eerd_word_atmega168p.o)
 .text          0x0000000000003e5a        0x0 /usr/lib/gcc/avr/4.6.0/../../../../avr/lib/avr5/libc.a(eewr_byte_atmega168p.o)
 .text          0x0000000000003e5a        0x0 /usr/lib/gcc/avr/4.6.0/../../../../avr/lib/avr5/libc.a(eewr_word_atmega168p.o)
 .text          0x0000000000003e5a        0x0 /usr/lib/gcc/avr/4.6.0/../../../../avr/lib/avr5/libc.a(eerd_block_atmega168p.o)
                0x0000000000003e5a                . = ALIGN (0x2)
 *(.text.*)
 .text.startup  0x0000000000003e5a       0x86 main.o
                0x0000000000003e5a                main
 .text.libgcc   0x0000000000003ee0        0x0 /usr/lib/gcc/avr/4.6.0/avr5/libgcc.a(_exit.o)
 .text.libgcc   0x0000000000003ee0        0x0 /usr/lib/gcc/avr/4.6.0/avr5/libgcc.a(_copy_data.o)
 .text.libgcc   0x0000000000003ee0        0x0 /usr/lib/gcc/avr/4.6.0/avr5/libgcc.a(_clear_bss.o)
 .text.avr-libc
                0x0000000000003ee0       0x10 /usr/lib/gcc/avr/4.6.0/../../../../avr/lib/avr5/libc.a(eerd_byte_atmega168p.o)
                0x0000000000003ee0                __eerd_byte_m168p
 .text.avr-libc
                0x0000000000003ef0        0xc /usr/lib/gcc/avr/4.6.0/../../../../avr/lib/avr5/libc.a(eerd_word_atmega168p.o)
                0x0000000000003ef0                __eerd_word_m168p
 .text.avr-libc
                0x0000000000003efc       0x1c /usr/lib/gcc/avr/4.6.0/../../../../avr/lib/avr5/libc.a(eewr_byte_atmega168p.o)
                0x0000000000003efc                __eewr_byte_m168p
                0x0000000000003efe                __eewr_r18_m168p
 .text.avr-libc
                0x0000000000003f18        0xa /usr/lib/gcc/avr/4.6.0/../../../../avr/lib/avr5/libc.a(eewr_word_atmega168p.o)
                0x0000000000003f18                __eewr_word_m168p
 .text.avr-libc
                0x0000000000003f22       0x20 /usr/lib/gcc/avr/4.6.0/../../../../avr/lib/avr5/libc.a(eerd_block_atmega168p.o)
                0x0000000000003f22                __eerd_block_m168p
                0x0000000000003f26                __eerd_blraw_m168p
                0x0000000000003f42                . = ALIGN (0x2)
 *(.fini9)
 .fini9         0x0000000000003f42        0x0 /usr/lib/gcc/avr/4.6.0/avr5/libgcc.a(_exit.o)
                0x0000000000003f42                exit
                0x0000000000003f42                _exit
 *(.fini9)
 *(.fini8)
 *(.fini8)
 *(.fini7)
 *(.fini7)
 *(.fini6)
 *(.fini6)
 *(.fini5)
 *(.fini5)
 *(.fini4)
 *(.fini4)
 *(.fini3)
 *(.fini3)
 *(.fini2)
 *(.fini2)
 *(.fini1)
 *(.fini1)
 *(.fini0)
 .fini0         0x0000000000003f42        0x4 /usr/lib/gcc/avr/4.6.0/avr5/libgcc.a(_exit.o)
 *(.fini0)
                0x0000000000003f46                _etext = .

.data           0x0000000000800100        0x6 load address 0x0000000000003f46
                0x0000000000800100                PROVIDE (__data_start, .)
 *(.data)
 .data          0x0000000000800100        0x0 /usr/lib/gcc/avr/4.6.0/../../../../avr/lib/avr5/crtm168p.o
 .data          0x0000000000800100        0x6 main.o
                0x0000000000800100                rxen
                0x0000000000800101                uart_rxbuf_optr
                0x0000000000800103                uart_rxbuf_iptr
 .data          0x0000000000800106        0x0 dbgled.o
 .data          0x0000000000800106        0x0 eeprom.o
 .data          0x0000000000800106        0x0 uart.o
 .data          0x0000000000800106        0x0 /usr/lib/gcc/avr/4.6.0/avr5/libgcc.a(_exit.o)
 .data          0x0000000000800106        0x0 /usr/lib/gcc/avr/4.6.0/avr5/libgcc.a(_copy_data.o)
 .data          0x0000000000800106        0x0 /usr/lib/gcc/avr/4.6.0/avr5/libgcc.a(_clear_bss.o)
 .data          0x0000000000800106        0x0 /usr/lib/gcc/avr/4.6.0/../../../../avr/lib/avr5/libc.a(eerd_byte_atmega168p.o)
 .data          0x0000000000800106        0x0 /usr/lib/gcc/avr/4.6.0/../../../../avr/lib/avr5/libc.a(eerd_word_atmega168p.o)
 .data          0x0000000000800106        0x0 /usr/lib/gcc/avr/4.6.0/../../../../avr/lib/avr5/libc.a(eewr_byte_atmega168p.o)
 .data          0x0000000000800106        0x0 /usr/lib/gcc/avr/4.6.0/../../../../avr/lib/avr5/libc.a(eewr_word_atmega168p.o)
 .data          0x0000000000800106        0x0 /usr/lib/gcc/avr/4.6.0/../../../../avr/lib/avr5/libc.a(eerd_block_atmega168p.o)
 *(.data*)
 *(.rodata)
 *(.rodata*)
 *(.gnu.linkonce.d*)
                0x0000000000800106                . = ALIGN (0x2)
                0x0000000000800106                _edata = .
                0x0000000000800106                PROVIDE (__data_end, .)

.bss            0x0000000000800106      0x109
                0x0000000000800106                PROVIDE (__bss_start, .)
 *(.bss)
 .bss           0x0000000000800106        0x0 /usr/lib/gcc/avr/4.6.0/../../../../avr/lib/avr5/crtm168p.o
 .bss           0x0000000000800106       0x88 main.o
                0x0000000000800106                uart_rxbuf_count
 .bss           0x000000000080018e        0x0 dbgled.o
 .bss           0x000000000080018e        0x0 eeprom.o
 .bss           0x000000000080018e        0x0 uart.o
 .bss           0x000000000080018e        0x0 /usr/lib/gcc/avr/4.6.0/avr5/libgcc.a(_exit.o)
 .bss           0x000000000080018e        0x0 /usr/lib/gcc/avr/4.6.0/avr5/libgcc.a(_copy_data.o)
 .bss           0x000000000080018e        0x0 /usr/lib/gcc/avr/4.6.0/avr5/libgcc.a(_clear_bss.o)
 .bss           0x000000000080018e        0x0 /usr/lib/gcc/avr/4.6.0/../../../../avr/lib/avr5/libc.a(eerd_byte_atmega168p.o)
 .bss           0x000000000080018e        0x0 /usr/lib/gcc/avr/4.6.0/../../../../avr/lib/avr5/libc.a(eerd_word_atmega168p.o)
 .bss           0x000000000080018e        0x0 /usr/lib/gcc/avr/4.6.0/../../../../avr/lib/avr5/libc.a(eewr_byte_atmega168p.o)
 .bss           0x000000000080018e        0x0 /usr/lib/gcc/avr/4.6.0/../../../../avr/lib/avr5/libc.a(eewr_word_atmega168p.o)
 .bss           0x000000000080018e        0x0 /usr/lib/gcc/avr/4.6.0/../../../../avr/lib/avr5/libc.a(eerd_block_atmega168p.o)
 *(.bss*)
 *(COMMON)
 COMMON         0x000000000080018e       0x81 main.o
                0x000000000080018e                uart_rxbuf
                0x000000000080020e                instaddr
                0x000000000080020f                PROVIDE (__bss_end, .)
                0x0000000000003f46                __data_load_start = LOADADDR (.data)
                0x0000000000003f4c                __data_load_end = (__data_load_start + SIZEOF (.data))

.noinit         0x000000000080020f        0x0
                0x000000000080020f                PROVIDE (__noinit_start, .)
 *(.noinit*)
                0x000000000080020f                PROVIDE (__noinit_end, .)
                0x000000000080020f                _end = .
                0x000000000080020f                PROVIDE (__heap_start, .)

.eeprom         0x0000000000810000        0x0
 *(.eeprom*)
                0x0000000000810000                __eeprom_end = .

.stab           0x0000000000000000     0x2670
 *(.stab)
 .stab          0x0000000000000000      0x6cc /usr/lib/gcc/avr/4.6.0/../../../../avr/lib/avr5/crtm168p.o
 .stab          0x00000000000006cc      0xf00 main.o
                                        0xf0c (size before relaxing)
 .stab          0x00000000000015cc      0x474 dbgled.o
                                        0x6d8 (size before relaxing)
 .stab          0x0000000000001a40      0x324 eeprom.o
                                        0x5c4 (size before relaxing)
 .stab          0x0000000000001d64      0x468 uart.o
                                        0x708 (size before relaxing)
 .stab          0x00000000000021cc       0x54 /usr/lib/gcc/avr/4.6.0/avr5/libgcc.a(_exit.o)
                                         0x60 (size before relaxing)
 .stab          0x0000000000002220       0x9c /usr/lib/gcc/avr/4.6.0/avr5/libgcc.a(_copy_data.o)
                                         0xa8 (size before relaxing)
 .stab          0x00000000000022bc       0x78 /usr/lib/gcc/avr/4.6.0/avr5/libgcc.a(_clear_bss.o)
                                         0x84 (size before relaxing)
 .stab          0x0000000000002334       0x90 /usr/lib/gcc/avr/4.6.0/../../../../avr/lib/avr5/libc.a(eerd_byte_atmega168p.o)
                                         0x9c (size before relaxing)
 .stab          0x00000000000023c4       0x6c /usr/lib/gcc/avr/4.6.0/../../../../avr/lib/avr5/libc.a(eerd_word_atmega168p.o)
                                         0x78 (size before relaxing)
 .stab          0x0000000000002430       0xe4 /usr/lib/gcc/avr/4.6.0/../../../../avr/lib/avr5/libc.a(eewr_byte_atmega168p.o)
                                         0xf0 (size before relaxing)
 .stab          0x0000000000002514       0x54 /usr/lib/gcc/avr/4.6.0/../../../../avr/lib/avr5/libc.a(eewr_word_atmega168p.o)
                                         0x60 (size before relaxing)
 .stab          0x0000000000002568      0x108 /usr/lib/gcc/avr/4.6.0/../../../../avr/lib/avr5/libc.a(eerd_block_atmega168p.o)
                                        0x114 (size before relaxing)

.stabstr        0x0000000000000000      0xf33
 *(.stabstr)
 .stabstr       0x0000000000000000      0xf33 /usr/lib/gcc/avr/4.6.0/../../../../avr/lib/avr5/crtm168p.o

.stab.excl
 *(.stab.excl)

.stab.exclstr
 *(.stab.exclstr)

.stab.index
 *(.stab.index)

.stab.indexstr
 *(.stab.indexstr)

.comment
 *(.comment)

.debug
 *(.debug)

.line
 *(.line)

.debug_srcinfo
 *(.debug_srcinfo .zdebug_srcinfo)

.debug_sfnames
 *(.debug_sfnames .zdebug_sfnames)

.debug_aranges
 *(.debug_aranges .zdebug_aranges)

.debug_pubnames
 *(.debug_pubnames .zdebug_pubnames)

.debug_info
 *(.debug_info .gnu.linkonce.wi.* .zdebug_info)

.debug_abbrev
 *(.debug_abbrev .zdebug_abbrev)

.debug_line
 *(.debug_line .zdebug_line)

.debug_frame
 *(.debug_frame .zdebug_frame)

.debug_str
 *(.debug_str .zdebug_str)

.debug_loc
 *(.debug_loc .zdebug_loc)

.debug_macinfo
 *(.debug_macinfo .zdebug_macinfo)
OUTPUT(ledbtldr.out elf32-avr)
LOAD linker stubs
