GAS LISTING /tmp/ccecVeXo.s 			page 1


   1               		.file	"main.c"
   2               	__SREG__ = 0x3f
   3               	__SP_H__ = 0x3e
   4               	__SP_L__ = 0x3d
   5               	__tmp_reg__ = 0
   6               	__zero_reg__ = 1
   7               		.global __do_copy_data
   8               		.global __do_clear_bss
   9               		.stabs	"/home/j/projects/acris/avr/ledctrlr/",100,0,2,.Ltext0
  10               		.stabs	"main.c",100,0,2,.Ltext0
  11               		.text
  12               	.Ltext0:
  13               		.stabs	"gcc2_compiled.",60,0,0,0
  14               		.stabs	"int:t(0,1)=r(0,1);-32768;32767;",128,0,0,0
  15               		.stabs	"char:t(0,2)=@s8;r(0,2);0;255;",128,0,0,0
  16               		.stabs	"long int:t(0,3)=@s32;r(0,3);020000000000;017777777777;",128,0,0,0
  17               		.stabs	"unsigned int:t(0,4)=r(0,4);0;0177777;",128,0,0,0
  18               		.stabs	"long unsigned int:t(0,5)=@s32;r(0,5);0;037777777777;",128,0,0,0
  19               		.stabs	"long long int:t(0,6)=@s64;r(0,6);01000000000000000000000;0777777777777777777777;",128,0,0,
  20               		.stabs	"long long unsigned int:t(0,7)=@s64;r(0,7);0;01777777777777777777777;",128,0,0,0
  21               		.stabs	"short int:t(0,8)=r(0,8);-32768;32767;",128,0,0,0
  22               		.stabs	"short unsigned int:t(0,9)=r(0,9);0;0177777;",128,0,0,0
  23               		.stabs	"signed char:t(0,10)=@s8;r(0,10);-128;127;",128,0,0,0
  24               		.stabs	"unsigned char:t(0,11)=@s8;r(0,11);0;255;",128,0,0,0
  25               		.stabs	"float:t(0,12)=r(0,1);4;0;",128,0,0,0
  26               		.stabs	"double:t(0,13)=r(0,1);4;0;",128,0,0,0
  27               		.stabs	"long double:t(0,14)=r(0,1);4;0;",128,0,0,0
  28               		.stabs	"void:t(0,15)=(0,15)",128,0,0,0
  29               		.stabs	"main.h",130,0,0,0
  30               		.stabs	"/usr/lib/gcc/avr/4.6.0/../../../../avr/include/inttypes.h",130,0,0,0
  31               		.stabs	"/usr/lib/gcc/avr/4.6.0/include/stdint.h",130,0,0,0
  32               		.stabs	"/usr/lib/gcc/avr/4.6.0/../../../../avr/include/stdint.h",130,0,0,0
  33               		.stabs	"int8_t:t(4,1)=(0,10)",128,0,121,0
  34               		.stabs	"uint8_t:t(4,2)=(0,11)",128,0,122,0
  35               		.stabs	"int16_t:t(4,3)=(0,1)",128,0,123,0
  36               		.stabs	"uint16_t:t(4,4)=(0,4)",128,0,124,0
  37               		.stabs	"int32_t:t(4,5)=(0,3)",128,0,125,0
  38               		.stabs	"uint32_t:t(4,6)=(0,5)",128,0,126,0
  39               		.stabs	"int64_t:t(4,7)=(0,6)",128,0,128,0
  40               		.stabs	"uint64_t:t(4,8)=(0,7)",128,0,129,0
  41               		.stabs	"intptr_t:t(4,9)=(4,3)",128,0,142,0
  42               		.stabs	"uintptr_t:t(4,10)=(4,4)",128,0,147,0
  43               		.stabs	"int_least8_t:t(4,11)=(4,1)",128,0,159,0
  44               		.stabs	"uint_least8_t:t(4,12)=(4,2)",128,0,164,0
  45               		.stabs	"int_least16_t:t(4,13)=(4,3)",128,0,169,0
  46               		.stabs	"uint_least16_t:t(4,14)=(4,4)",128,0,174,0
  47               		.stabs	"int_least32_t:t(4,15)=(4,5)",128,0,179,0
  48               		.stabs	"uint_least32_t:t(4,16)=(4,6)",128,0,184,0
  49               		.stabs	"int_least64_t:t(4,17)=(4,7)",128,0,192,0
  50               		.stabs	"uint_least64_t:t(4,18)=(4,8)",128,0,199,0
  51               		.stabs	"int_fast8_t:t(4,19)=(4,1)",128,0,213,0
  52               		.stabs	"uint_fast8_t:t(4,20)=(4,2)",128,0,218,0
  53               		.stabs	"int_fast16_t:t(4,21)=(4,3)",128,0,223,0
  54               		.stabs	"uint_fast16_t:t(4,22)=(4,4)",128,0,228,0
  55               		.stabs	"int_fast32_t:t(4,23)=(4,5)",128,0,233,0
  56               		.stabs	"uint_fast32_t:t(4,24)=(4,6)",128,0,238,0
  57               		.stabs	"int_fast64_t:t(4,25)=(4,7)",128,0,246,0
GAS LISTING /tmp/ccecVeXo.s 			page 2


  58               		.stabs	"uint_fast64_t:t(4,26)=(4,8)",128,0,253,0
  59               		.stabs	"intmax_t:t(4,27)=(4,7)",128,0,273,0
  60               		.stabs	"uintmax_t:t(4,28)=(4,8)",128,0,278,0
  61               		.stabn	162,0,0,0
  62               		.stabn	162,0,0,0
  63               		.stabs	"int_farptr_t:t(2,1)=(4,5)",128,0,77,0
  64               		.stabs	"uint_farptr_t:t(2,2)=(4,6)",128,0,81,0
  65               		.stabn	162,0,0,0
  66               		.stabs	"/usr/lib/gcc/avr/4.6.0/../../../../avr/include/avr/io.h",130,0,0,0
  67               		.stabs	"/usr/lib/gcc/avr/4.6.0/../../../../avr/include/avr/fuse.h",130,0,0,0
  68               		.stabs	"__fuse_t:t(6,1)=(6,2)=s3low:(0,11),0,8;high:(0,11),8,8;extended:(0,11),16,8;;",128,0,244,0
  69               		.stabn	162,0,0,0
  70               		.stabn	162,0,0,0
  71               		.stabs	"/usr/lib/gcc/avr/4.6.0/../../../../avr/include/avr/pgmspace.h",130,0,0,0
  72               		.stabs	"/usr/lib/gcc/avr/4.6.0/include/stddef.h",130,0,0,0
  73               		.stabs	"size_t:t(8,1)=(0,4)",128,0,212,0
  74               		.stabn	162,0,0,0
  75               		.stabs	"prog_void:t(7,1)=(7,2)=(7,2)",128,0,217,0
  76               		.stabs	"prog_char:t(7,3)=(7,4)=@s8;r(7,4);0;255;",128,0,218,0
  77               		.stabs	"prog_uchar:t(7,5)=(7,6)=@s8;r(7,6);0;255;",128,0,219,0
  78               		.stabs	"prog_int8_t:t(7,7)=(7,8)=(0,10)",128,0,221,0
  79               		.stabs	"prog_uint8_t:t(7,9)=(7,10)=(0,11)",128,0,222,0
  80               		.stabs	"prog_int16_t:t(7,11)=(7,12)=(0,1)",128,0,223,0
  81               		.stabs	"prog_uint16_t:t(7,13)=(7,14)=(0,4)",128,0,224,0
  82               		.stabs	"prog_int32_t:t(7,15)=(7,16)=(0,3)",128,0,225,0
  83               		.stabs	"prog_uint32_t:t(7,17)=(7,18)=(0,5)",128,0,226,0
  84               		.stabs	"prog_int64_t:t(7,19)=(7,20)=(0,6)",128,0,228,0
  85               		.stabs	"prog_uint64_t:t(7,21)=(7,22)=(0,7)",128,0,229,0
  86               		.stabn	162,0,0,0
  87               		.stabn	162,0,0,0
  88               		.stabs	"uart.h",130,0,0,0
  89               		.stabs	"/usr/lib/gcc/avr/4.6.0/../../../../avr/include/avr/eeprom.h",130,0,0,0
  90               		.stabs	"/usr/lib/gcc/avr/4.6.0/include/stddef.h",130,0,0,0
  91               		.stabs	"ptrdiff_t:t(11,1)=(0,1)",128,0,150,0
  92               		.stabs	"wchar_t:t(11,2)=(0,1)",128,0,324,0
  93               		.stabn	162,0,0,0
  94               		.stabn	162,0,0,0
  95               		.stabn	162,0,0,0
  96               		.stabs	"receive_data:F(0,15)",36,0,75,receive_data
  97               	.global	receive_data
  98               		.type	receive_data, @function
  99               	receive_data:
 100               		.stabd	46,0,0
   1:main.c        **** /* A C R I S   P R O J E C T ********
   2:main.c        ****  * LED Controller                   *
   3:main.c        ****  * http://jwcxz.com/projects/acris  *
   4:main.c        ****  *                                  *
   5:main.c        ****  * J. Colosimo -- http://jwcxz.com/ *
   6:main.c        ****  *                                  *
   7:main.c        ****  * LED controller main loop         *
   8:main.c        ****  ************************************/
   9:main.c        **** 
  10:main.c        **** #include "main.h"
  11:main.c        **** 
  12:main.c        **** #include "dbgled.h"
  13:main.c        **** #include "eeprom.h"
  14:main.c        **** #include "led.h"
GAS LISTING /tmp/ccecVeXo.s 			page 3


  15:main.c        **** #include "tlc.h"
  16:main.c        **** #include "uart.h"
  17:main.c        **** 
  18:main.c        **** volatile uint8_t uart_rxbuf[UART_RX_BUFSZ];
  19:main.c        **** volatile uint8_t *uart_rxbuf_iptr = uart_rxbuf;
  20:main.c        **** volatile uint8_t *uart_rxbuf_optr = uart_rxbuf;
  21:main.c        **** volatile uint8_t uart_rxbuf_count = 0;
  22:main.c        **** volatile uint8_t rxen = 0;
  23:main.c        **** 
  24:main.c        **** uint8_t instaddr = 0;
  25:main.c        **** 
  26:main.c        **** volatile uint8_t tlc[3][24];
  27:main.c        **** 
  28:main.c        **** uint8_t action;         // current action
  29:main.c        **** uint8_t numargs;        // number of arguments to expect
  30:main.c        **** uint8_t args[15];       // array to store arguments
  31:main.c        **** uint8_t* argptr = args; //   ... associated pointer
  32:main.c        **** 
  33:main.c        **** /* COMMAND PROCESSOR STATE MACHINE */
  34:main.c        **** #define CST_IDLE    0
  35:main.c        **** #define CST_SYNC    1
  36:main.c        **** #define CST_ARGS    2
  37:main.c        **** static uint8_t cmdstate;
  38:main.c        **** 
  39:main.c        **** int main(void) {
  40:main.c        ****     // initialize debug LEDs
  41:main.c        ****     dbg_init();
  42:main.c        **** 
  43:main.c        ****     // get the address of the device
  44:main.c        ****     instaddr = get_addr();
  45:main.c        **** 
  46:main.c        ****     // initialize TLC
  47:main.c        ****     tlc_init();
  48:main.c        **** 
  49:main.c        ****     // initialize UART
  50:main.c        ****     uart_init();
  51:main.c        **** 
  52:main.c        ****     // show address of the device on the debug LEDs
  53:main.c        ****     dbg_set(0xFF);
  54:main.c        ****     _delay_ms(100);
  55:main.c        ****     show_addr();
  56:main.c        **** 
  57:main.c        ****     // enable interrupts
  58:main.c        ****     sei();
  59:main.c        ****     rxen = 1;
  60:main.c        **** 
  61:main.c        ****     while (1) {
  62:main.c        ****         if ( rxen == 0 && uart_rxbuf_count < UART_RX_BUFSZ/2 ) {
  63:main.c        ****             // buffer has been partially depleted, so we can start accepting
  64:main.c        ****             // data again
  65:main.c        ****             rxen = 1;
  66:main.c        ****             sei();
  67:main.c        ****         }
  68:main.c        **** 
  69:main.c        ****         if ( uart_data_rdy() ) receive_data();
  70:main.c        ****     }
  71:main.c        **** 
GAS LISTING /tmp/ccecVeXo.s 			page 4


  72:main.c        **** 	return 0;
  73:main.c        **** }
  74:main.c        **** 
  75:main.c        **** void receive_data(void) {
 101               		.stabn	68,0,75,.LM0-.LFBB1
 102               	.LM0:
 103               	.LFBB1:
 104               	/* prologue: function */
 105               	/* frame size = 0 */
 106               	/* stack size = 0 */
 107               	.L__stack_usage = 0
  76:main.c        ****     unsigned char inbyte;
  77:main.c        **** 
  78:main.c        ****     inbyte = uart_rx();
 108               		.stabn	68,0,78,.LM1-.LFBB1
 109               	.LM1:
 110 0000 0E94 0000 		call uart_rx
  79:main.c        **** 
  80:main.c        ****     if ( inbyte == CMD_SYNC )  {
 111               		.stabn	68,0,80,.LM2-.LFBB1
 112               	.LM2:
 113 0004 8A3A      		cpi r24,lo8(-86)
 114 0006 01F4      		brne .+2
 115 0008 00C0      		rjmp .L14
  81:main.c        ****         // the sync byte is always treated as a trigger to reset the state
  82:main.c        ****         // machine -- never send it as an argument
  83:main.c        ****         cmdstate = CST_SYNC;
  84:main.c        ****     } else {
  85:main.c        ****         switch (cmdstate) {
 116               		.stabn	68,0,85,.LM3-.LFBB1
 117               	.LM3:
 118 000a 2091 0000 		lds r18,cmdstate
 119 000e 2130      		cpi r18,lo8(1)
 120 0010 01F0      		breq .L5
 121 0012 2130      		cpi r18,lo8(1)
 122 0014 00F0      		brlo .L1
 123 0016 2230      		cpi r18,lo8(2)
 124 0018 01F0      		breq .L15
  86:main.c        ****             case CST_IDLE:
  87:main.c        ****                 cmdstate = CST_IDLE;
  88:main.c        ****                 break;
  89:main.c        ****             case CST_SYNC:
  90:main.c        ****                 // save command for later processing
  91:main.c        ****                 action = inbyte;
  92:main.c        ****                 argptr = args;
  93:main.c        **** 
  94:main.c        ****                 if ( inbyte == instaddr ) {
  95:main.c        ****                     numargs = 15;
  96:main.c        ****                     cmdstate = CST_ARGS;
  97:main.c        ****                 } else if ( (inbyte >= 0xF0 && inbyte <= 0xFE) && 
  98:main.c        ****                             (instaddr >= (inbyte&0x0F)*16 && 
  99:main.c        ****                                 instaddr <= (inbyte&0x0F)*16+15)) {
 100:main.c        ****                     numargs = 15;
 101:main.c        ****                     cmdstate = CST_ARGS;
 102:main.c        ****                 } else if ( inbyte == CMD_DOALL ) {
 103:main.c        ****                     numargs = 15;
 104:main.c        ****                     cmdstate = CST_ARGS;
GAS LISTING /tmp/ccecVeXo.s 			page 5


 105:main.c        ****                 } else {
 106:main.c        ****                     cmdstate = CST_IDLE;
 107:main.c        ****                 }
 108:main.c        **** 
 109:main.c        ****                 /* a more robust method (that allows you to define your own
 110:main.c        ****                  * commands)
 111:main.c        ****                  *
 112:main.c        ****                  *      process for adding new commands:
 113:main.c        ****                  *      1. update this state machine (the cmdstate switch)
 114:main.c        ****                  *           to add args, set numargs and set cmdstate = CST_ARGS
 115:main.c        ****                  *           otherwise, go to CST_IDLE if it doesn't apply to you
 116:main.c        ****                  *           or, if there are no args, set cmdstate = CST_IDLE and call
 117:main.c        ****                  *           led_action()
 118:main.c        ****                  *      2. update led_action() in led.c with the function that should be called
 119:main.c        ****                  *         given a command.  led_action() is just a wrapper function, but it
 120:main.c        ****                  *         makes the code a bit cleaner
 121:main.c        ****                  *      3. create your action function, prefix with led_ and name it the name of
 122:main.c        ****                  *         the 5-character action keyword
 123:main.c        ****                  * / // <- XXX
 124:main.c        ****                 switch (inbyte) {
 125:main.c        ****                     case CMD_DOALL:
 126:main.c        ****                         numargs = 15;
 127:main.c        ****                         cmdstate = CST_ARGS;
 128:main.c        **** 
 129:main.c        ****                         led_action();
 130:main.c        ****                         break;
 131:main.c        **** 
 132:main.c        ****                     default:
 133:main.c        ****                         // 0xF0-0xFE are reserved to describe blocks of 16
 134:main.c        ****                         // addresses
 135:main.c        ****                         if ( inbyte >= 0xF0 && inbyte <= 0xFE ) {
 136:main.c        ****                             if ( instaddr >= (inbyte&0x0F)*16 && 
 137:main.c        ****                                     instaddr <= (inbyte&0x0F)*16+15 ) {
 138:main.c        ****                                 numargs = 15;
 139:main.c        ****                                 cmdstate = CST_ARGS;
 140:main.c        ****                             } else {
 141:main.c        ****                                 cmdstate = CST_IDLE;
 142:main.c        ****                             }
 143:main.c        ****                         } else if ( inbyte == instaddr ) {
 144:main.c        ****                             numargs = 15;
 145:main.c        ****                             cmdstate = CST_ARGS;
 146:main.c        ****                         }
 147:main.c        ****                         break;
 148:main.c        ****                 }
 149:main.c        ****                 // */
 150:main.c        ****                 break;
 151:main.c        **** 
 152:main.c        ****             case CST_ARGS:
 153:main.c        ****                 *argptr++ = inbyte;     // isn't that so beautiful?  I love C.
 154:main.c        **** 
 155:main.c        ****                 if ( argptr - args == numargs ) {
 156:main.c        ****                     cmdstate = CST_IDLE;
 157:main.c        ****                     led_action();
 158:main.c        ****                 } else {
 159:main.c        ****                     cmdstate = CST_ARGS;
 160:main.c        ****                 }
 161:main.c        ****                 break;
GAS LISTING /tmp/ccecVeXo.s 			page 6


 162:main.c        **** 
 163:main.c        ****             default:
 164:main.c        ****                 // the hell!?
 165:main.c        ****                 cmdstate = CST_IDLE;
 125               		.stabn	68,0,165,.LM4-.LFBB1
 126               	.LM4:
 127 001a 1092 0000 		sts cmdstate,__zero_reg__
 128               	.L1:
 129 001e 0895      		ret
 130               	.L5:
  91:main.c        ****                 action = inbyte;
 131               		.stabn	68,0,91,.LM5-.LFBB1
 132               	.LM5:
 133 0020 8093 0000 		sts action,r24
  92:main.c        ****                 argptr = args;
 134               		.stabn	68,0,92,.LM6-.LFBB1
 135               	.LM6:
 136 0024 20E0      		ldi r18,lo8(args)
 137 0026 30E0      		ldi r19,hi8(args)
 138 0028 3093 0000 		sts argptr+1,r19
 139 002c 2093 0000 		sts argptr,r18
  94:main.c        ****                 if ( inbyte == instaddr ) {
 140               		.stabn	68,0,94,.LM7-.LFBB1
 141               	.LM7:
 142 0030 2091 0000 		lds r18,instaddr
 143 0034 8217      		cp r24,r18
 144 0036 01F0      		breq .L12
  97:main.c        ****                 } else if ( (inbyte >= 0xF0 && inbyte <= 0xFE) && 
 145               		.stabn	68,0,97,.LM8-.LFBB1
 146               	.LM8:
 147 0038 982F      		mov r25,r24
 148 003a 905F      		subi r25,lo8(-(16))
 149 003c 9F30      		cpi r25,lo8(15)
 150 003e 00F4      		brsh .L8
  98:main.c        ****                             (instaddr >= (inbyte&0x0F)*16 && 
 151               		.stabn	68,0,98,.LM9-.LFBB1
 152               	.LM9:
 153 0040 30E0      		ldi r19,lo8(0)
 154 0042 90E0      		ldi r25,lo8(0)
 155 0044 8F70      		andi r24,lo8(15)
 156 0046 9070      		andi r25,hi8(15)
 157 0048 8295      		swap r24
 158 004a 9295      		swap r25
 159 004c 907F      		andi r25,0xf0
 160 004e 9827      		eor r25,r24
 161 0050 807F      		andi r24,0xf0
 162 0052 9827      		eor r25,r24
  97:main.c        ****                 } else if ( (inbyte >= 0xF0 && inbyte <= 0xFE) && 
 163               		.stabn	68,0,97,.LM10-.LFBB1
 164               	.LM10:
 165 0054 2817      		cp r18,r24
 166 0056 3907      		cpc r19,r25
 167 0058 04F0      		brlt .L9
  99:main.c        ****                                 instaddr <= (inbyte&0x0F)*16+15)) {
 168               		.stabn	68,0,99,.LM11-.LFBB1
 169               	.LM11:
 170 005a 0F96      		adiw r24,15
GAS LISTING /tmp/ccecVeXo.s 			page 7


  98:main.c        ****                             (instaddr >= (inbyte&0x0F)*16 && 
 171               		.stabn	68,0,98,.LM12-.LFBB1
 172               	.LM12:
 173 005c 8217      		cp r24,r18
 174 005e 9307      		cpc r25,r19
 175 0060 04F4      		brge .L12
 176               	.L9:
 106:main.c        ****                     cmdstate = CST_IDLE;
 177               		.stabn	68,0,106,.LM13-.LFBB1
 178               	.LM13:
 179 0062 1092 0000 		sts cmdstate,__zero_reg__
 180 0066 0895      		ret
 181               	.L15:
 153:main.c        ****                 *argptr++ = inbyte;     // isn't that so beautiful?  I love C.
 182               		.stabn	68,0,153,.LM14-.LFBB1
 183               	.LM14:
 184 0068 E091 0000 		lds r30,argptr
 185 006c F091 0000 		lds r31,argptr+1
 186 0070 8193      		st Z+,r24
 187 0072 F093 0000 		sts argptr+1,r31
 188 0076 E093 0000 		sts argptr,r30
 155:main.c        ****                 if ( argptr - args == numargs ) {
 189               		.stabn	68,0,155,.LM15-.LFBB1
 190               	.LM15:
 191 007a E050      		subi r30,lo8(args)
 192 007c F040      		sbci r31,hi8(args)
 193 007e 8091 0000 		lds r24,numargs
 194 0082 90E0      		ldi r25,lo8(0)
 195 0084 E817      		cp r30,r24
 196 0086 F907      		cpc r31,r25
 197 0088 01F0      		breq .L16
 159:main.c        ****                     cmdstate = CST_ARGS;
 198               		.stabn	68,0,159,.LM16-.LFBB1
 199               	.LM16:
 200 008a 2093 0000 		sts cmdstate,r18
 201 008e 0895      		ret
 202               	.L8:
 102:main.c        ****                 } else if ( inbyte == CMD_DOALL ) {
 203               		.stabn	68,0,102,.LM17-.LFBB1
 204               	.LM17:
 205 0090 8F3F      		cpi r24,lo8(-1)
 206 0092 01F4      		brne .L9
 207               	.L12:
 103:main.c        ****                     numargs = 15;
 208               		.stabn	68,0,103,.LM18-.LFBB1
 209               	.LM18:
 210 0094 8FE0      		ldi r24,lo8(15)
 211 0096 8093 0000 		sts numargs,r24
 104:main.c        ****                     cmdstate = CST_ARGS;
 212               		.stabn	68,0,104,.LM19-.LFBB1
 213               	.LM19:
 214 009a 82E0      		ldi r24,lo8(2)
 215 009c 8093 0000 		sts cmdstate,r24
 216 00a0 0895      		ret
 217               	.L14:
  83:main.c        ****         cmdstate = CST_SYNC;
 218               		.stabn	68,0,83,.LM20-.LFBB1
GAS LISTING /tmp/ccecVeXo.s 			page 8


 219               	.LM20:
 220 00a2 81E0      		ldi r24,lo8(1)
 221 00a4 8093 0000 		sts cmdstate,r24
 222 00a8 0895      		ret
 223               	.L16:
 156:main.c        ****                     cmdstate = CST_IDLE;
 224               		.stabn	68,0,156,.LM21-.LFBB1
 225               	.LM21:
 226 00aa 1092 0000 		sts cmdstate,__zero_reg__
 157:main.c        ****                     led_action();
 227               		.stabn	68,0,157,.LM22-.LFBB1
 228               	.LM22:
 229 00ae 0E94 0000 		call led_action
 230 00b2 0895      		ret
 231               		.size	receive_data, .-receive_data
 232               		.stabs	"inbyte:r(0,11)",64,0,76,24
 233               		.stabn	192,0,0,.LFBB1-.LFBB1
 234               		.stabn	224,0,0,.Lscope1-.LFBB1
 235               	.Lscope1:
 236               		.stabs	"",36,0,0,.Lscope1-.LFBB1
 237               		.stabd	78,0,0
 238               		.section	.text.startup,"ax",@progbits
 239               		.stabs	"main:F(0,1)",36,0,39,main
 240               	.global	main
 241               		.type	main, @function
 242               	main:
 243               		.stabd	46,0,0
  39:main.c        **** int main(void) {
 244               		.stabn	68,0,39,.LM23-.LFBB2
 245               	.LM23:
 246               	.LFBB2:
 247               	/* prologue: function */
 248               	/* frame size = 0 */
 249               	/* stack size = 0 */
 250               	.L__stack_usage = 0
  41:main.c        ****     dbg_init();
 251               		.stabn	68,0,41,.LM24-.LFBB2
 252               	.LM24:
 253 0000 0E94 0000 		call dbg_init
  44:main.c        ****     instaddr = get_addr();
 254               		.stabn	68,0,44,.LM25-.LFBB2
 255               	.LM25:
 256 0004 0E94 0000 		call get_addr
 257 0008 8093 0000 		sts instaddr,r24
  47:main.c        ****     tlc_init();
 258               		.stabn	68,0,47,.LM26-.LFBB2
 259               	.LM26:
 260 000c 0E94 0000 		call tlc_init
  50:main.c        ****     uart_init();
 261               		.stabn	68,0,50,.LM27-.LFBB2
 262               	.LM27:
 263 0010 0E94 0000 		call uart_init
  53:main.c        ****     dbg_set(0xFF);
 264               		.stabn	68,0,53,.LM28-.LFBB2
 265               	.LM28:
 266 0014 8FEF      		ldi r24,lo8(-1)
 267 0016 0E94 0000 		call dbg_set
GAS LISTING /tmp/ccecVeXo.s 			page 9


 268 001a 88EE      		ldi r24,lo8(1000)
 269 001c 93E0      		ldi r25,hi8(1000)
 270               	.LBB12:
 271               	.LBB13:
 272               	.LBB14:
 273               	.LBB15:
 274               		.stabs	"/usr/lib/gcc/avr/4.6.0/../../../../avr/include/util/delay_basic.h",132,0,0,.Ltext1
 275               	.Ltext1:
   1:/usr/lib/gcc/avr/4.6.0/../../../../avr/include/util/delay_basic.h **** /* Copyright (c) 2002, Marek Michalkiewicz
   2:/usr/lib/gcc/avr/4.6.0/../../../../avr/include/util/delay_basic.h ****    Copyright (c) 2007 Joerg Wunsch
   3:/usr/lib/gcc/avr/4.6.0/../../../../avr/include/util/delay_basic.h ****    All rights reserved.
   4:/usr/lib/gcc/avr/4.6.0/../../../../avr/include/util/delay_basic.h **** 
   5:/usr/lib/gcc/avr/4.6.0/../../../../avr/include/util/delay_basic.h ****    Redistribution and use in source and binary forms, with or without
   6:/usr/lib/gcc/avr/4.6.0/../../../../avr/include/util/delay_basic.h ****    modification, are permitted provided that the following conditions are met:
   7:/usr/lib/gcc/avr/4.6.0/../../../../avr/include/util/delay_basic.h **** 
   8:/usr/lib/gcc/avr/4.6.0/../../../../avr/include/util/delay_basic.h ****    * Redistributions of source code must retain the above copyright
   9:/usr/lib/gcc/avr/4.6.0/../../../../avr/include/util/delay_basic.h ****      notice, this list of conditions and the following disclaimer.
  10:/usr/lib/gcc/avr/4.6.0/../../../../avr/include/util/delay_basic.h **** 
  11:/usr/lib/gcc/avr/4.6.0/../../../../avr/include/util/delay_basic.h ****    * Redistributions in binary form must reproduce the above copyright
  12:/usr/lib/gcc/avr/4.6.0/../../../../avr/include/util/delay_basic.h ****      notice, this list of conditions and the following disclaimer in
  13:/usr/lib/gcc/avr/4.6.0/../../../../avr/include/util/delay_basic.h ****      the documentation and/or other materials provided with the
  14:/usr/lib/gcc/avr/4.6.0/../../../../avr/include/util/delay_basic.h ****      distribution.
  15:/usr/lib/gcc/avr/4.6.0/../../../../avr/include/util/delay_basic.h **** 
  16:/usr/lib/gcc/avr/4.6.0/../../../../avr/include/util/delay_basic.h ****    * Neither the name of the copyright holders nor the names of
  17:/usr/lib/gcc/avr/4.6.0/../../../../avr/include/util/delay_basic.h ****      contributors may be used to endorse or promote products derived
  18:/usr/lib/gcc/avr/4.6.0/../../../../avr/include/util/delay_basic.h ****      from this software without specific prior written permission.
  19:/usr/lib/gcc/avr/4.6.0/../../../../avr/include/util/delay_basic.h **** 
  20:/usr/lib/gcc/avr/4.6.0/../../../../avr/include/util/delay_basic.h ****   THIS SOFTWARE IS PROVIDED BY THE COPYRIGHT HOLDERS AND CONTRIBUTORS "AS IS"
  21:/usr/lib/gcc/avr/4.6.0/../../../../avr/include/util/delay_basic.h ****   AND ANY EXPRESS OR IMPLIED WARRANTIES, INCLUDING, BUT NOT LIMITED TO, THE
  22:/usr/lib/gcc/avr/4.6.0/../../../../avr/include/util/delay_basic.h ****   IMPLIED WARRANTIES OF MERCHANTABILITY AND FITNESS FOR A PARTICULAR PURPOSE
  23:/usr/lib/gcc/avr/4.6.0/../../../../avr/include/util/delay_basic.h ****   ARE DISCLAIMED. IN NO EVENT SHALL THE COPYRIGHT OWNER OR CONTRIBUTORS BE
  24:/usr/lib/gcc/avr/4.6.0/../../../../avr/include/util/delay_basic.h ****   LIABLE FOR ANY DIRECT, INDIRECT, INCIDENTAL, SPECIAL, EXEMPLARY, OR
  25:/usr/lib/gcc/avr/4.6.0/../../../../avr/include/util/delay_basic.h ****   CONSEQUENTIAL DAMAGES (INCLUDING, BUT NOT LIMITED TO, PROCUREMENT OF
  26:/usr/lib/gcc/avr/4.6.0/../../../../avr/include/util/delay_basic.h ****   SUBSTITUTE GOODS OR SERVICES; LOSS OF USE, DATA, OR PROFITS; OR BUSINESS
  27:/usr/lib/gcc/avr/4.6.0/../../../../avr/include/util/delay_basic.h ****   INTERRUPTION) HOWEVER CAUSED AND ON ANY THEORY OF LIABILITY, WHETHER IN
  28:/usr/lib/gcc/avr/4.6.0/../../../../avr/include/util/delay_basic.h ****   CONTRACT, STRICT LIABILITY, OR TORT (INCLUDING NEGLIGENCE OR OTHERWISE)
  29:/usr/lib/gcc/avr/4.6.0/../../../../avr/include/util/delay_basic.h ****   ARISING IN ANY WAY OUT OF THE USE OF THIS SOFTWARE, EVEN IF ADVISED OF THE
  30:/usr/lib/gcc/avr/4.6.0/../../../../avr/include/util/delay_basic.h ****   POSSIBILITY OF SUCH DAMAGE. */
  31:/usr/lib/gcc/avr/4.6.0/../../../../avr/include/util/delay_basic.h **** 
  32:/usr/lib/gcc/avr/4.6.0/../../../../avr/include/util/delay_basic.h **** /* $Id: delay_basic.h 2143 2010-06-08 21:19:51Z joerg_wunsch $ */
  33:/usr/lib/gcc/avr/4.6.0/../../../../avr/include/util/delay_basic.h **** 
  34:/usr/lib/gcc/avr/4.6.0/../../../../avr/include/util/delay_basic.h **** #ifndef _UTIL_DELAY_BASIC_H_
  35:/usr/lib/gcc/avr/4.6.0/../../../../avr/include/util/delay_basic.h **** #define _UTIL_DELAY_BASIC_H_ 1
  36:/usr/lib/gcc/avr/4.6.0/../../../../avr/include/util/delay_basic.h **** 
  37:/usr/lib/gcc/avr/4.6.0/../../../../avr/include/util/delay_basic.h **** #include <inttypes.h>
  38:/usr/lib/gcc/avr/4.6.0/../../../../avr/include/util/delay_basic.h **** 
  39:/usr/lib/gcc/avr/4.6.0/../../../../avr/include/util/delay_basic.h **** #if !defined(__DOXYGEN__)
  40:/usr/lib/gcc/avr/4.6.0/../../../../avr/include/util/delay_basic.h **** static inline void _delay_loop_1(uint8_t __count) __attribute__((always_inline));
  41:/usr/lib/gcc/avr/4.6.0/../../../../avr/include/util/delay_basic.h **** static inline void _delay_loop_2(uint16_t __count) __attribute__((always_inline));
  42:/usr/lib/gcc/avr/4.6.0/../../../../avr/include/util/delay_basic.h **** #endif
  43:/usr/lib/gcc/avr/4.6.0/../../../../avr/include/util/delay_basic.h **** 
  44:/usr/lib/gcc/avr/4.6.0/../../../../avr/include/util/delay_basic.h **** /** \file */
  45:/usr/lib/gcc/avr/4.6.0/../../../../avr/include/util/delay_basic.h **** /** \defgroup util_delay_basic <util/delay_basic.h>: Basic busy-wait delay loops
  46:/usr/lib/gcc/avr/4.6.0/../../../../avr/include/util/delay_basic.h ****     \code
  47:/usr/lib/gcc/avr/4.6.0/../../../../avr/include/util/delay_basic.h ****     #include <util/delay_basic.h>
  48:/usr/lib/gcc/avr/4.6.0/../../../../avr/include/util/delay_basic.h ****     \endcode
  49:/usr/lib/gcc/avr/4.6.0/../../../../avr/include/util/delay_basic.h **** 
GAS LISTING /tmp/ccecVeXo.s 			page 10


  50:/usr/lib/gcc/avr/4.6.0/../../../../avr/include/util/delay_basic.h ****     The functions in this header file implement simple delay loops
  51:/usr/lib/gcc/avr/4.6.0/../../../../avr/include/util/delay_basic.h ****     that perform a busy-waiting.  They are typically used to
  52:/usr/lib/gcc/avr/4.6.0/../../../../avr/include/util/delay_basic.h ****     facilitate short delays in the program execution.  They are
  53:/usr/lib/gcc/avr/4.6.0/../../../../avr/include/util/delay_basic.h ****     implemented as count-down loops with a well-known CPU cycle
  54:/usr/lib/gcc/avr/4.6.0/../../../../avr/include/util/delay_basic.h ****     count per loop iteration.  As such, no other processing can
  55:/usr/lib/gcc/avr/4.6.0/../../../../avr/include/util/delay_basic.h ****     occur simultaneously.  It should be kept in mind that the
  56:/usr/lib/gcc/avr/4.6.0/../../../../avr/include/util/delay_basic.h ****     functions described here do not disable interrupts.
  57:/usr/lib/gcc/avr/4.6.0/../../../../avr/include/util/delay_basic.h **** 
  58:/usr/lib/gcc/avr/4.6.0/../../../../avr/include/util/delay_basic.h ****     In general, for long delays, the use of hardware timers is
  59:/usr/lib/gcc/avr/4.6.0/../../../../avr/include/util/delay_basic.h ****     much preferrable, as they free the CPU, and allow for
  60:/usr/lib/gcc/avr/4.6.0/../../../../avr/include/util/delay_basic.h ****     concurrent processing of other events while the timer is
  61:/usr/lib/gcc/avr/4.6.0/../../../../avr/include/util/delay_basic.h ****     running.  However, in particular for very short delays, the
  62:/usr/lib/gcc/avr/4.6.0/../../../../avr/include/util/delay_basic.h ****     overhead of setting up a hardware timer is too much compared
  63:/usr/lib/gcc/avr/4.6.0/../../../../avr/include/util/delay_basic.h ****     to the overall delay time.
  64:/usr/lib/gcc/avr/4.6.0/../../../../avr/include/util/delay_basic.h **** 
  65:/usr/lib/gcc/avr/4.6.0/../../../../avr/include/util/delay_basic.h ****     Two inline functions are provided for the actual delay algorithms.
  66:/usr/lib/gcc/avr/4.6.0/../../../../avr/include/util/delay_basic.h **** 
  67:/usr/lib/gcc/avr/4.6.0/../../../../avr/include/util/delay_basic.h **** */
  68:/usr/lib/gcc/avr/4.6.0/../../../../avr/include/util/delay_basic.h **** 
  69:/usr/lib/gcc/avr/4.6.0/../../../../avr/include/util/delay_basic.h **** /** \ingroup util_delay_basic
  70:/usr/lib/gcc/avr/4.6.0/../../../../avr/include/util/delay_basic.h **** 
  71:/usr/lib/gcc/avr/4.6.0/../../../../avr/include/util/delay_basic.h ****     Delay loop using an 8-bit counter \c __count, so up to 256
  72:/usr/lib/gcc/avr/4.6.0/../../../../avr/include/util/delay_basic.h ****     iterations are possible.  (The value 256 would have to be passed
  73:/usr/lib/gcc/avr/4.6.0/../../../../avr/include/util/delay_basic.h ****     as 0.)  The loop executes three CPU cycles per iteration, not
  74:/usr/lib/gcc/avr/4.6.0/../../../../avr/include/util/delay_basic.h ****     including the overhead the compiler needs to setup the counter
  75:/usr/lib/gcc/avr/4.6.0/../../../../avr/include/util/delay_basic.h ****     register.
  76:/usr/lib/gcc/avr/4.6.0/../../../../avr/include/util/delay_basic.h **** 
  77:/usr/lib/gcc/avr/4.6.0/../../../../avr/include/util/delay_basic.h ****     Thus, at a CPU speed of 1 MHz, delays of up to 768 microseconds
  78:/usr/lib/gcc/avr/4.6.0/../../../../avr/include/util/delay_basic.h ****     can be achieved.
  79:/usr/lib/gcc/avr/4.6.0/../../../../avr/include/util/delay_basic.h **** */
  80:/usr/lib/gcc/avr/4.6.0/../../../../avr/include/util/delay_basic.h **** void
  81:/usr/lib/gcc/avr/4.6.0/../../../../avr/include/util/delay_basic.h **** _delay_loop_1(uint8_t __count)
  82:/usr/lib/gcc/avr/4.6.0/../../../../avr/include/util/delay_basic.h **** {
  83:/usr/lib/gcc/avr/4.6.0/../../../../avr/include/util/delay_basic.h **** 	__asm__ volatile (
  84:/usr/lib/gcc/avr/4.6.0/../../../../avr/include/util/delay_basic.h **** 		"1: dec %0" "\n\t"
  85:/usr/lib/gcc/avr/4.6.0/../../../../avr/include/util/delay_basic.h **** 		"brne 1b"
  86:/usr/lib/gcc/avr/4.6.0/../../../../avr/include/util/delay_basic.h **** 		: "=r" (__count)
  87:/usr/lib/gcc/avr/4.6.0/../../../../avr/include/util/delay_basic.h **** 		: "0" (__count)
  88:/usr/lib/gcc/avr/4.6.0/../../../../avr/include/util/delay_basic.h **** 	);
  89:/usr/lib/gcc/avr/4.6.0/../../../../avr/include/util/delay_basic.h **** }
  90:/usr/lib/gcc/avr/4.6.0/../../../../avr/include/util/delay_basic.h **** 
  91:/usr/lib/gcc/avr/4.6.0/../../../../avr/include/util/delay_basic.h **** /** \ingroup util_delay_basic
  92:/usr/lib/gcc/avr/4.6.0/../../../../avr/include/util/delay_basic.h **** 
  93:/usr/lib/gcc/avr/4.6.0/../../../../avr/include/util/delay_basic.h ****     Delay loop using a 16-bit counter \c __count, so up to 65536
  94:/usr/lib/gcc/avr/4.6.0/../../../../avr/include/util/delay_basic.h ****     iterations are possible.  (The value 65536 would have to be
  95:/usr/lib/gcc/avr/4.6.0/../../../../avr/include/util/delay_basic.h ****     passed as 0.)  The loop executes four CPU cycles per iteration,
  96:/usr/lib/gcc/avr/4.6.0/../../../../avr/include/util/delay_basic.h ****     not including the overhead the compiler requires to setup the
  97:/usr/lib/gcc/avr/4.6.0/../../../../avr/include/util/delay_basic.h ****     counter register pair.
  98:/usr/lib/gcc/avr/4.6.0/../../../../avr/include/util/delay_basic.h **** 
  99:/usr/lib/gcc/avr/4.6.0/../../../../avr/include/util/delay_basic.h ****     Thus, at a CPU speed of 1 MHz, delays of up to about 262.1
 100:/usr/lib/gcc/avr/4.6.0/../../../../avr/include/util/delay_basic.h ****     milliseconds can be achieved.
 101:/usr/lib/gcc/avr/4.6.0/../../../../avr/include/util/delay_basic.h ****  */
 102:/usr/lib/gcc/avr/4.6.0/../../../../avr/include/util/delay_basic.h **** void
 103:/usr/lib/gcc/avr/4.6.0/../../../../avr/include/util/delay_basic.h **** _delay_loop_2(uint16_t __count)
 104:/usr/lib/gcc/avr/4.6.0/../../../../avr/include/util/delay_basic.h **** {
 105:/usr/lib/gcc/avr/4.6.0/../../../../avr/include/util/delay_basic.h **** 	__asm__ volatile (
 276               		.stabn	68,0,105,.LM29-.LFBB2
GAS LISTING /tmp/ccecVeXo.s 			page 11


 277               	.LM29:
 278 001e 24EF      		ldi r18,lo8(500)
 279 0020 31E0      		ldi r19,hi8(500)
 280               	.L18:
 281 0022 F901      		movw r30,r18
 282               	/* #APP */
 283               	 ;  105 "/usr/lib/gcc/avr/4.6.0/../../../../avr/include/util/delay_basic.h" 1
 284 0024 3197      		1: sbiw r30,1
 285 0026 01F4      		brne 1b
 286               	 ;  0 "" 2
 287               	/* #NOAPP */
 288 0028 0197      		sbiw r24,1
 289               	.LBE15:
 290               	.LBE14:
 291               		.stabs	"/usr/lib/gcc/avr/4.6.0/../../../../avr/include/util/delay.h",132,0,0,.Ltext2
 292               	.Ltext2:
   1:/usr/lib/gcc/avr/4.6.0/../../../../avr/include/util/delay.h **** /* Copyright (c) 2002, Marek Michalkiewicz
   2:/usr/lib/gcc/avr/4.6.0/../../../../avr/include/util/delay.h ****    Copyright (c) 2004,2005,2007 Joerg Wunsch
   3:/usr/lib/gcc/avr/4.6.0/../../../../avr/include/util/delay.h ****    Copyright (c) 2007  Florin-Viorel Petrov
   4:/usr/lib/gcc/avr/4.6.0/../../../../avr/include/util/delay.h ****    All rights reserved.
   5:/usr/lib/gcc/avr/4.6.0/../../../../avr/include/util/delay.h **** 
   6:/usr/lib/gcc/avr/4.6.0/../../../../avr/include/util/delay.h ****    Redistribution and use in source and binary forms, with or without
   7:/usr/lib/gcc/avr/4.6.0/../../../../avr/include/util/delay.h ****    modification, are permitted provided that the following conditions are met:
   8:/usr/lib/gcc/avr/4.6.0/../../../../avr/include/util/delay.h **** 
   9:/usr/lib/gcc/avr/4.6.0/../../../../avr/include/util/delay.h ****    * Redistributions of source code must retain the above copyright
  10:/usr/lib/gcc/avr/4.6.0/../../../../avr/include/util/delay.h ****      notice, this list of conditions and the following disclaimer.
  11:/usr/lib/gcc/avr/4.6.0/../../../../avr/include/util/delay.h **** 
  12:/usr/lib/gcc/avr/4.6.0/../../../../avr/include/util/delay.h ****    * Redistributions in binary form must reproduce the above copyright
  13:/usr/lib/gcc/avr/4.6.0/../../../../avr/include/util/delay.h ****      notice, this list of conditions and the following disclaimer in
  14:/usr/lib/gcc/avr/4.6.0/../../../../avr/include/util/delay.h ****      the documentation and/or other materials provided with the
  15:/usr/lib/gcc/avr/4.6.0/../../../../avr/include/util/delay.h ****      distribution.
  16:/usr/lib/gcc/avr/4.6.0/../../../../avr/include/util/delay.h **** 
  17:/usr/lib/gcc/avr/4.6.0/../../../../avr/include/util/delay.h ****    * Neither the name of the copyright holders nor the names of
  18:/usr/lib/gcc/avr/4.6.0/../../../../avr/include/util/delay.h ****      contributors may be used to endorse or promote products derived
  19:/usr/lib/gcc/avr/4.6.0/../../../../avr/include/util/delay.h ****      from this software without specific prior written permission.
  20:/usr/lib/gcc/avr/4.6.0/../../../../avr/include/util/delay.h **** 
  21:/usr/lib/gcc/avr/4.6.0/../../../../avr/include/util/delay.h ****   THIS SOFTWARE IS PROVIDED BY THE COPYRIGHT HOLDERS AND CONTRIBUTORS "AS IS"
  22:/usr/lib/gcc/avr/4.6.0/../../../../avr/include/util/delay.h ****   AND ANY EXPRESS OR IMPLIED WARRANTIES, INCLUDING, BUT NOT LIMITED TO, THE
  23:/usr/lib/gcc/avr/4.6.0/../../../../avr/include/util/delay.h ****   IMPLIED WARRANTIES OF MERCHANTABILITY AND FITNESS FOR A PARTICULAR PURPOSE
  24:/usr/lib/gcc/avr/4.6.0/../../../../avr/include/util/delay.h ****   ARE DISCLAIMED. IN NO EVENT SHALL THE COPYRIGHT OWNER OR CONTRIBUTORS BE
  25:/usr/lib/gcc/avr/4.6.0/../../../../avr/include/util/delay.h ****   LIABLE FOR ANY DIRECT, INDIRECT, INCIDENTAL, SPECIAL, EXEMPLARY, OR
  26:/usr/lib/gcc/avr/4.6.0/../../../../avr/include/util/delay.h ****   CONSEQUENTIAL DAMAGES (INCLUDING, BUT NOT LIMITED TO, PROCUREMENT OF
  27:/usr/lib/gcc/avr/4.6.0/../../../../avr/include/util/delay.h ****   SUBSTITUTE GOODS OR SERVICES; LOSS OF USE, DATA, OR PROFITS; OR BUSINESS
  28:/usr/lib/gcc/avr/4.6.0/../../../../avr/include/util/delay.h ****   INTERRUPTION) HOWEVER CAUSED AND ON ANY THEORY OF LIABILITY, WHETHER IN
  29:/usr/lib/gcc/avr/4.6.0/../../../../avr/include/util/delay.h ****   CONTRACT, STRICT LIABILITY, OR TORT (INCLUDING NEGLIGENCE OR OTHERWISE)
  30:/usr/lib/gcc/avr/4.6.0/../../../../avr/include/util/delay.h ****   ARISING IN ANY WAY OUT OF THE USE OF THIS SOFTWARE, EVEN IF ADVISED OF THE
  31:/usr/lib/gcc/avr/4.6.0/../../../../avr/include/util/delay.h ****   POSSIBILITY OF SUCH DAMAGE. */
  32:/usr/lib/gcc/avr/4.6.0/../../../../avr/include/util/delay.h **** 
  33:/usr/lib/gcc/avr/4.6.0/../../../../avr/include/util/delay.h **** /* $Id: delay.h.in 2103 2010-03-17 05:16:10Z joerg_wunsch $ */
  34:/usr/lib/gcc/avr/4.6.0/../../../../avr/include/util/delay.h **** 
  35:/usr/lib/gcc/avr/4.6.0/../../../../avr/include/util/delay.h **** #ifndef _UTIL_DELAY_H_
  36:/usr/lib/gcc/avr/4.6.0/../../../../avr/include/util/delay.h **** #define _UTIL_DELAY_H_ 1
  37:/usr/lib/gcc/avr/4.6.0/../../../../avr/include/util/delay.h **** 
  38:/usr/lib/gcc/avr/4.6.0/../../../../avr/include/util/delay.h **** #ifndef __HAS_DELAY_CYCLES
  39:/usr/lib/gcc/avr/4.6.0/../../../../avr/include/util/delay.h **** #define __HAS_DELAY_CYCLES 0
  40:/usr/lib/gcc/avr/4.6.0/../../../../avr/include/util/delay.h **** #endif
  41:/usr/lib/gcc/avr/4.6.0/../../../../avr/include/util/delay.h **** 
GAS LISTING /tmp/ccecVeXo.s 			page 12


  42:/usr/lib/gcc/avr/4.6.0/../../../../avr/include/util/delay.h **** #include <inttypes.h>
  43:/usr/lib/gcc/avr/4.6.0/../../../../avr/include/util/delay.h **** #include <util/delay_basic.h>
  44:/usr/lib/gcc/avr/4.6.0/../../../../avr/include/util/delay.h **** 
  45:/usr/lib/gcc/avr/4.6.0/../../../../avr/include/util/delay.h **** /** \file */
  46:/usr/lib/gcc/avr/4.6.0/../../../../avr/include/util/delay.h **** /** \defgroup util_delay <util/delay.h>: Convenience functions for busy-wait delay loops
  47:/usr/lib/gcc/avr/4.6.0/../../../../avr/include/util/delay.h ****     \code
  48:/usr/lib/gcc/avr/4.6.0/../../../../avr/include/util/delay.h ****     #define F_CPU 1000000UL  // 1 MHz
  49:/usr/lib/gcc/avr/4.6.0/../../../../avr/include/util/delay.h ****     //#define F_CPU 14.7456E6
  50:/usr/lib/gcc/avr/4.6.0/../../../../avr/include/util/delay.h ****     #include <util/delay.h>
  51:/usr/lib/gcc/avr/4.6.0/../../../../avr/include/util/delay.h ****     \endcode
  52:/usr/lib/gcc/avr/4.6.0/../../../../avr/include/util/delay.h **** 
  53:/usr/lib/gcc/avr/4.6.0/../../../../avr/include/util/delay.h ****     \note As an alternative method, it is possible to pass the
  54:/usr/lib/gcc/avr/4.6.0/../../../../avr/include/util/delay.h ****     F_CPU macro down to the compiler from the Makefile.
  55:/usr/lib/gcc/avr/4.6.0/../../../../avr/include/util/delay.h ****     Obviously, in that case, no \c \#define statement should be
  56:/usr/lib/gcc/avr/4.6.0/../../../../avr/include/util/delay.h ****     used.
  57:/usr/lib/gcc/avr/4.6.0/../../../../avr/include/util/delay.h **** 
  58:/usr/lib/gcc/avr/4.6.0/../../../../avr/include/util/delay.h ****     The functions in this header file are wrappers around the basic
  59:/usr/lib/gcc/avr/4.6.0/../../../../avr/include/util/delay.h ****     busy-wait functions from <util/delay_basic.h>.  They are meant as
  60:/usr/lib/gcc/avr/4.6.0/../../../../avr/include/util/delay.h ****     convenience functions where actual time values can be specified
  61:/usr/lib/gcc/avr/4.6.0/../../../../avr/include/util/delay.h ****     rather than a number of cycles to wait for.  The idea behind is
  62:/usr/lib/gcc/avr/4.6.0/../../../../avr/include/util/delay.h ****     that compile-time constant expressions will be eliminated by
  63:/usr/lib/gcc/avr/4.6.0/../../../../avr/include/util/delay.h ****     compiler optimization so floating-point expressions can be used
  64:/usr/lib/gcc/avr/4.6.0/../../../../avr/include/util/delay.h ****     to calculate the number of delay cycles needed based on the CPU
  65:/usr/lib/gcc/avr/4.6.0/../../../../avr/include/util/delay.h ****     frequency passed by the macro F_CPU.
  66:/usr/lib/gcc/avr/4.6.0/../../../../avr/include/util/delay.h **** 
  67:/usr/lib/gcc/avr/4.6.0/../../../../avr/include/util/delay.h ****     \note In order for these functions to work as intended, compiler
  68:/usr/lib/gcc/avr/4.6.0/../../../../avr/include/util/delay.h ****     optimizations <em>must</em> be enabled, and the delay time
  69:/usr/lib/gcc/avr/4.6.0/../../../../avr/include/util/delay.h ****     <em>must</em> be an expression that is a known constant at
  70:/usr/lib/gcc/avr/4.6.0/../../../../avr/include/util/delay.h ****     compile-time.  If these requirements are not met, the resulting
  71:/usr/lib/gcc/avr/4.6.0/../../../../avr/include/util/delay.h ****     delay will be much longer (and basically unpredictable), and
  72:/usr/lib/gcc/avr/4.6.0/../../../../avr/include/util/delay.h ****     applications that otherwise do not use floating-point calculations
  73:/usr/lib/gcc/avr/4.6.0/../../../../avr/include/util/delay.h ****     will experience severe code bloat by the floating-point library
  74:/usr/lib/gcc/avr/4.6.0/../../../../avr/include/util/delay.h ****     routines linked into the application.
  75:/usr/lib/gcc/avr/4.6.0/../../../../avr/include/util/delay.h **** 
  76:/usr/lib/gcc/avr/4.6.0/../../../../avr/include/util/delay.h ****     The functions available allow the specification of microsecond, and
  77:/usr/lib/gcc/avr/4.6.0/../../../../avr/include/util/delay.h ****     millisecond delays directly, using the application-supplied macro
  78:/usr/lib/gcc/avr/4.6.0/../../../../avr/include/util/delay.h ****     F_CPU as the CPU clock frequency (in Hertz).
  79:/usr/lib/gcc/avr/4.6.0/../../../../avr/include/util/delay.h **** 
  80:/usr/lib/gcc/avr/4.6.0/../../../../avr/include/util/delay.h **** */
  81:/usr/lib/gcc/avr/4.6.0/../../../../avr/include/util/delay.h **** 
  82:/usr/lib/gcc/avr/4.6.0/../../../../avr/include/util/delay.h **** #if !defined(__DOXYGEN__)
  83:/usr/lib/gcc/avr/4.6.0/../../../../avr/include/util/delay.h **** static inline void _delay_us(double __us) __attribute__((always_inline));
  84:/usr/lib/gcc/avr/4.6.0/../../../../avr/include/util/delay.h **** static inline void _delay_ms(double __ms) __attribute__((always_inline));
  85:/usr/lib/gcc/avr/4.6.0/../../../../avr/include/util/delay.h **** #endif
  86:/usr/lib/gcc/avr/4.6.0/../../../../avr/include/util/delay.h **** 
  87:/usr/lib/gcc/avr/4.6.0/../../../../avr/include/util/delay.h **** #ifndef F_CPU
  88:/usr/lib/gcc/avr/4.6.0/../../../../avr/include/util/delay.h **** /* prevent compiler error by supplying a default */
  89:/usr/lib/gcc/avr/4.6.0/../../../../avr/include/util/delay.h **** # warning "F_CPU not defined for <util/delay.h>"
  90:/usr/lib/gcc/avr/4.6.0/../../../../avr/include/util/delay.h **** # define F_CPU 1000000UL
  91:/usr/lib/gcc/avr/4.6.0/../../../../avr/include/util/delay.h **** #endif
  92:/usr/lib/gcc/avr/4.6.0/../../../../avr/include/util/delay.h **** 
  93:/usr/lib/gcc/avr/4.6.0/../../../../avr/include/util/delay.h **** #ifndef __OPTIMIZE__
  94:/usr/lib/gcc/avr/4.6.0/../../../../avr/include/util/delay.h **** # warning "Compiler optimizations disabled; functions from <util/delay.h> won't work as designed"
  95:/usr/lib/gcc/avr/4.6.0/../../../../avr/include/util/delay.h **** #endif
  96:/usr/lib/gcc/avr/4.6.0/../../../../avr/include/util/delay.h **** 
  97:/usr/lib/gcc/avr/4.6.0/../../../../avr/include/util/delay.h **** /**
  98:/usr/lib/gcc/avr/4.6.0/../../../../avr/include/util/delay.h ****    \ingroup util_delay
GAS LISTING /tmp/ccecVeXo.s 			page 13


  99:/usr/lib/gcc/avr/4.6.0/../../../../avr/include/util/delay.h **** 
 100:/usr/lib/gcc/avr/4.6.0/../../../../avr/include/util/delay.h ****    Perform a delay of \c __ms milliseconds, using _delay_loop_2().
 101:/usr/lib/gcc/avr/4.6.0/../../../../avr/include/util/delay.h **** 
 102:/usr/lib/gcc/avr/4.6.0/../../../../avr/include/util/delay.h ****    The macro F_CPU is supposed to be defined to a
 103:/usr/lib/gcc/avr/4.6.0/../../../../avr/include/util/delay.h ****    constant defining the CPU clock frequency (in Hertz).
 104:/usr/lib/gcc/avr/4.6.0/../../../../avr/include/util/delay.h **** 
 105:/usr/lib/gcc/avr/4.6.0/../../../../avr/include/util/delay.h ****    The maximal possible delay is 262.14 ms / F_CPU in MHz.
 106:/usr/lib/gcc/avr/4.6.0/../../../../avr/include/util/delay.h **** 
 107:/usr/lib/gcc/avr/4.6.0/../../../../avr/include/util/delay.h ****    When the user request delay which exceed the maximum possible one,
 108:/usr/lib/gcc/avr/4.6.0/../../../../avr/include/util/delay.h ****    _delay_ms() provides a decreased resolution functionality. In this
 109:/usr/lib/gcc/avr/4.6.0/../../../../avr/include/util/delay.h ****    mode _delay_ms() will work with a resolution of 1/10 ms, providing
 110:/usr/lib/gcc/avr/4.6.0/../../../../avr/include/util/delay.h ****    delays up to 6.5535 seconds (independent from CPU frequency).  The
 111:/usr/lib/gcc/avr/4.6.0/../../../../avr/include/util/delay.h ****    user will not be informed about decreased resolution.
 112:/usr/lib/gcc/avr/4.6.0/../../../../avr/include/util/delay.h ****  */
 113:/usr/lib/gcc/avr/4.6.0/../../../../avr/include/util/delay.h **** void
 114:/usr/lib/gcc/avr/4.6.0/../../../../avr/include/util/delay.h **** _delay_ms(double __ms)
 115:/usr/lib/gcc/avr/4.6.0/../../../../avr/include/util/delay.h **** {
 116:/usr/lib/gcc/avr/4.6.0/../../../../avr/include/util/delay.h **** 	uint16_t __ticks;
 117:/usr/lib/gcc/avr/4.6.0/../../../../avr/include/util/delay.h **** 	double __tmp = ((F_CPU) / 4e3) * __ms;
 118:/usr/lib/gcc/avr/4.6.0/../../../../avr/include/util/delay.h **** #if __HAS_DELAY_CYCLES && defined(__OPTIMIZE__)
 119:/usr/lib/gcc/avr/4.6.0/../../../../avr/include/util/delay.h **** 	extern void __builtin_avr_delay_cycles(unsigned long);
 120:/usr/lib/gcc/avr/4.6.0/../../../../avr/include/util/delay.h **** 	__builtin_avr_delay_cycles(__tmp);
 121:/usr/lib/gcc/avr/4.6.0/../../../../avr/include/util/delay.h **** #else
 122:/usr/lib/gcc/avr/4.6.0/../../../../avr/include/util/delay.h **** 	if (__tmp < 1.0)
 123:/usr/lib/gcc/avr/4.6.0/../../../../avr/include/util/delay.h **** 		__ticks = 1;
 124:/usr/lib/gcc/avr/4.6.0/../../../../avr/include/util/delay.h **** 	else if (__tmp > 65535)
 125:/usr/lib/gcc/avr/4.6.0/../../../../avr/include/util/delay.h **** 	{
 126:/usr/lib/gcc/avr/4.6.0/../../../../avr/include/util/delay.h **** 		//	__ticks = requested delay in 1/10 ms
 127:/usr/lib/gcc/avr/4.6.0/../../../../avr/include/util/delay.h **** 		__ticks = (uint16_t) (__ms * 10.0);
 128:/usr/lib/gcc/avr/4.6.0/../../../../avr/include/util/delay.h **** 		while(__ticks)
 293               		.stabn	68,0,128,.LM30-.LFBB2
 294               	.LM30:
 295 002a 01F4      		brne .L18
 296               	.LBE13:
 297               	.LBE12:
 298               		.stabs	"main.c",132,0,0,.Ltext3
 299               	.Ltext3:
  55:main.c        ****     show_addr();
 300               		.stabn	68,0,55,.LM31-.LFBB2
 301               	.LM31:
 302 002c 0E94 0000 		call show_addr
  58:main.c        ****     sei();
 303               		.stabn	68,0,58,.LM32-.LFBB2
 304               	.LM32:
 305               	/* #APP */
 306               	 ;  58 "main.c" 1
 307 0030 7894      		sei
 308               	 ;  0 "" 2
  59:main.c        ****     rxen = 1;
 309               		.stabn	68,0,59,.LM33-.LFBB2
 310               	.LM33:
 311               	/* #NOAPP */
 312 0032 81E0      		ldi r24,lo8(1)
 313 0034 8093 0000 		sts rxen,r24
  65:main.c        ****             rxen = 1;
 314               		.stabn	68,0,65,.LM34-.LFBB2
 315               	.LM34:
GAS LISTING /tmp/ccecVeXo.s 			page 14


 316 0038 11E0      		ldi r17,lo8(1)
 317               	.L25:
  62:main.c        ****         if ( rxen == 0 && uart_rxbuf_count < UART_RX_BUFSZ/2 ) {
 318               		.stabn	68,0,62,.LM35-.LFBB2
 319               	.LM35:
 320 003a 8091 0000 		lds r24,rxen
 321 003e 8823      		tst r24
 322 0040 01F4      		brne .L19
  62:main.c        ****         if ( rxen == 0 && uart_rxbuf_count < UART_RX_BUFSZ/2 ) {
 323               		.stabn	68,0,62,.LM36-.LFBB2
 324               	.LM36:
 325 0042 8091 0000 		lds r24,uart_rxbuf_count
 326 0046 8034      		cpi r24,lo8(64)
 327 0048 00F4      		brsh .L19
  65:main.c        ****             rxen = 1;
 328               		.stabn	68,0,65,.LM37-.LFBB2
 329               	.LM37:
 330 004a 1093 0000 		sts rxen,r17
  66:main.c        ****             sei();
 331               		.stabn	68,0,66,.LM38-.LFBB2
 332               	.LM38:
 333               	/* #APP */
 334               	 ;  66 "main.c" 1
 335 004e 7894      		sei
 336               	 ;  0 "" 2
 337               	/* #NOAPP */
 338               	.L19:
  69:main.c        ****         if ( uart_data_rdy() ) receive_data();
 339               		.stabn	68,0,69,.LM39-.LFBB2
 340               	.LM39:
 341 0050 0E94 0000 		call uart_data_rdy
 342 0054 8823      		tst r24
 343 0056 01F0      		breq .L25
  69:main.c        ****         if ( uart_data_rdy() ) receive_data();
 344               		.stabn	68,0,69,.LM40-.LFBB2
 345               	.LM40:
 346 0058 0E94 0000 		call receive_data
 347 005c 00C0      		rjmp .L25
 348               		.size	main, .-main
 349               	.Lscope2:
 350               		.stabs	"",36,0,0,.Lscope2-.LFBB2
 351               		.stabd	78,0,0
 352               	.global	argptr
 353               		.data
 354               		.type	argptr, @object
 355               		.size	argptr, 2
 356               	argptr:
 357 0000 0000      		.word	args
 358               		.comm args,15,1
 359               		.comm numargs,1,1
 360               		.comm action,1,1
 361               		.comm tlc,72,1
 362               	.global	instaddr
 363               	.global	instaddr
 364               		.section .bss
 365               		.type	instaddr, @object
 366               		.size	instaddr, 1
GAS LISTING /tmp/ccecVeXo.s 			page 15


 367               	instaddr:
 368 0000 00        		.skip 1,0
 369               	.global	rxen
 370               	.global	rxen
 371               		.type	rxen, @object
 372               		.size	rxen, 1
 373               	rxen:
 374 0001 00        		.skip 1,0
 375               	.global	uart_rxbuf_count
 376               	.global	uart_rxbuf_count
 377               		.type	uart_rxbuf_count, @object
 378               		.size	uart_rxbuf_count, 1
 379               	uart_rxbuf_count:
 380 0002 00        		.skip 1,0
 381               	.global	uart_rxbuf_optr
 382               		.data
 383               		.type	uart_rxbuf_optr, @object
 384               		.size	uart_rxbuf_optr, 2
 385               	uart_rxbuf_optr:
 386 0002 0000      		.word	uart_rxbuf
 387               	.global	uart_rxbuf_iptr
 388               		.type	uart_rxbuf_iptr, @object
 389               		.size	uart_rxbuf_iptr, 2
 390               	uart_rxbuf_iptr:
 391 0004 0000      		.word	uart_rxbuf
 392               		.comm uart_rxbuf,128,1
 393               		.lcomm cmdstate,1
 394               		.stabs	"cmdstate:S(4,2)",40,0,37,cmdstate
 395               		.stabs	"uart_rxbuf:G(0,16)=ar(0,17)=r(0,17);0;0177777;;0;127;(0,18)=B(4,2)",32,0,18,0
 396               		.stabs	"uart_rxbuf_iptr:G(0,19)=*(0,18)",32,0,19,0
 397               		.stabs	"uart_rxbuf_optr:G(0,19)",32,0,20,0
 398               		.stabs	"uart_rxbuf_count:G(0,18)",32,0,21,0
 399               		.stabs	"rxen:G(0,18)",32,0,22,0
 400               		.stabs	"instaddr:G(4,2)",32,0,24,0
 401               		.stabs	"tlc:G(0,20)=ar(0,17);0;2;(0,21)=ar(0,17);0;23;(0,18)",32,0,26,0
 402               		.stabs	"action:G(4,2)",32,0,28,0
 403               		.stabs	"numargs:G(4,2)",32,0,29,0
 404               		.stabs	"args:G(0,22)=ar(0,17);0;14;(4,2)",32,0,30,0
 405               		.stabs	"argptr:G(0,23)=*(4,2)",32,0,31,0
 406               		.text
 407               		.stabs	"",100,0,0,.Letext0
 408               	.Letext0:
GAS LISTING /tmp/ccecVeXo.s 			page 16


DEFINED SYMBOLS
                            *ABS*:0000000000000000 main.c
     /tmp/ccecVeXo.s:2      *ABS*:000000000000003f __SREG__
     /tmp/ccecVeXo.s:3      *ABS*:000000000000003e __SP_H__
     /tmp/ccecVeXo.s:4      *ABS*:000000000000003d __SP_L__
     /tmp/ccecVeXo.s:5      *ABS*:0000000000000000 __tmp_reg__
     /tmp/ccecVeXo.s:6      *ABS*:0000000000000001 __zero_reg__
     /tmp/ccecVeXo.s:99     .text:0000000000000000 receive_data
                             .bss:0000000000000003 cmdstate
                            *COM*:0000000000000001 action
                            *COM*:000000000000000f args
     /tmp/ccecVeXo.s:356    .data:0000000000000000 argptr
     /tmp/ccecVeXo.s:367    .bss:0000000000000000 instaddr
                            *COM*:0000000000000001 numargs
     /tmp/ccecVeXo.s:242    .text.startup:0000000000000000 main
     /tmp/ccecVeXo.s:373    .bss:0000000000000001 rxen
     /tmp/ccecVeXo.s:379    .bss:0000000000000002 uart_rxbuf_count
                            *COM*:0000000000000048 tlc
     /tmp/ccecVeXo.s:385    .data:0000000000000002 uart_rxbuf_optr
                            *COM*:0000000000000080 uart_rxbuf
     /tmp/ccecVeXo.s:390    .data:0000000000000004 uart_rxbuf_iptr

UNDEFINED SYMBOLS
__do_copy_data
__do_clear_bss
uart_rx
led_action
dbg_init
get_addr
tlc_init
uart_init
dbg_set
show_addr
uart_data_rdy
